// Jest Snapshot v1, https://goo.gl/fbAQLP

exports[`SectionSelect +++ render the connected() component 1`] = `"<select id=\\"s1\\" class=\\"input form-control form-control-sm\\"><option value=\\"\\">Секция</option><optgroup label=\\"1C\\"><option value=\\"v7\\">1С:Предприятие 7.7 и ранее</option><option value=\\"v8\\">1С:Предприятие 8 общая</option></optgroup></select>"`;
